// Jest Snapshot v1, https://goo.gl/fbAQLP

exports[`Parser parse empty statment 1`] = `
Object {
  "body": Array [],
  "end": 11,
  "start": 1,
  "syntax": undefined,
  "type": "ProtoFile",
}
`;

exports[`Parser parse example proto 1`] = `
Object {
  "body": Array [
    Object {
      "end": 48,
      "file": "other.proto",
      "modifier": "public",
      "start": 20,
      "type": "ImportStatement",
    },
    Object {
      "end": 89,
      "name": Object {
        "end": 68,
        "start": 56,
        "type": "OptionName",
        "value": "java_package",
      },
      "start": 49,
      "type": "Option",
      "value": Object {
        "end": 88,
        "start": 71,
        "type": "Literal",
        "value": "com.example.foo",
      },
    },
  ],
  "end": 94,
  "start": 1,
  "syntax": Object {
    "end": 19,
    "start": 1,
    "type": "SyntaxStatement",
    "value": "proto2",
  },
  "type": "ProtoFile",
}
`;

exports[`Parser parse import 1`] = `
Object {
  "body": Array [
    Object {
      "end": 23,
      "file": "./test.proto",
      "modifier": undefined,
      "start": 1,
      "type": "ImportStatement",
    },
    Object {
      "end": 51,
      "file": "./test.proto",
      "modifier": "weak",
      "start": 24,
      "type": "ImportStatement",
    },
    Object {
      "end": 81,
      "file": "./test.proto",
      "modifier": "public",
      "start": 52,
      "type": "ImportStatement",
    },
  ],
  "end": 86,
  "start": 1,
  "syntax": undefined,
  "type": "ProtoFile",
}
`;

exports[`Parser parse map field 1`] = `
Object {
  "body": Array [
    Object {
      "body": Array [
        Object {
          "end": 42,
          "fieldNumber": 1,
          "keyType": "int32",
          "mapName": "f1",
          "options": Array [],
          "start": 15,
          "type": "MapField",
          "valueType": Object {
            "end": 33,
            "start": 27,
            "type": "ValueType",
            "value": "string",
          },
        },
        Object {
          "end": 67,
          "fieldNumber": 2,
          "keyType": "int32",
          "mapName": "f2",
          "options": Array [],
          "start": 45,
          "type": "MapField",
          "valueType": Object {
            "end": 58,
            "start": 57,
            "type": "ValueType",
            "value": "M",
          },
        },
        Object {
          "end": 96,
          "fieldNumber": 3,
          "keyType": "int32",
          "mapName": "f3",
          "options": Array [],
          "start": 70,
          "type": "MapField",
          "valueType": Object {
            "end": 87,
            "start": 82,
            "type": "ValueType",
            "value": "M.foo",
          },
        },
        Object {
          "end": 122,
          "fieldNumber": 4,
          "keyType": "int32",
          "mapName": "f4",
          "options": Array [],
          "start": 99,
          "type": "MapField",
          "valueType": Object {
            "end": 113,
            "start": 111,
            "type": "ValueType",
            "value": ".M",
          },
        },
        Object {
          "end": 190,
          "fieldNumber": 5,
          "keyType": "int32",
          "mapName": "f5",
          "options": Array [
            Object {
              "end": 188,
              "name": Object {
                "end": 172,
                "start": 157,
                "type": "OptionName",
                "value": "(custom_option)",
              },
              "start": 157,
              "type": "Option",
              "value": Object {
                "end": 188,
                "start": 175,
                "type": "Literal",
                "value": "hello world",
              },
            },
          ],
          "start": 125,
          "type": "MapField",
          "valueType": Object {
            "end": 147,
            "start": 137,
            "type": "ValueType",
            "value": ".M.foo.bar",
          },
        },
        Object {
          "end": 217,
          "fieldNumber": 4,
          "keyType": "int32",
          "mapName": "map",
          "options": Array [],
          "start": 193,
          "type": "MapField",
          "valueType": Object {
            "end": 207,
            "start": 205,
            "type": "ValueType",
            "value": ".M",
          },
        },
      ],
      "end": 219,
      "name": "M",
      "start": 1,
      "type": "Message",
    },
  ],
  "end": 239,
  "start": 1,
  "syntax": undefined,
  "type": "ProtoFile",
}
`;

exports[`Parser parse oneof field 1`] = `
Object {
  "body": Array [
    Object {
      "body": Array [
        Object {
          "end": 87,
          "fields": Array [
            Object {
              "end": 49,
              "fieldNumber": 4,
              "fieldOptions": Array [],
              "fieldType": Object {
                "end": 39,
                "start": 33,
                "type": "ValueType",
                "value": "string",
              },
              "name": "name",
              "start": 33,
              "type": "Field",
            },
            Object {
              "end": 83,
              "fieldNumber": 9,
              "fieldOptions": Array [],
              "fieldType": Object {
                "end": 66,
                "start": 56,
                "type": "ValueType",
                "value": "SubMessage",
              },
              "name": "sub_message",
              "start": 56,
              "type": "Field",
            },
          ],
          "oneofName": "foo",
          "options": Array [],
          "start": 15,
          "type": "OneOf",
        },
      ],
      "end": 89,
      "name": "M",
      "start": 1,
      "type": "Message",
    },
  ],
  "end": 97,
  "start": 1,
  "syntax": undefined,
  "type": "ProtoFile",
}
`;

exports[`Parser parse option 1`] = `
Object {
  "body": Array [
    Object {
      "end": 41,
      "name": Object {
        "end": 20,
        "start": 8,
        "type": "OptionName",
        "value": "java_package",
      },
      "start": 1,
      "type": "Option",
      "value": Object {
        "end": 40,
        "start": 23,
        "type": "Literal",
        "value": "com.example.foo",
      },
    },
    Object {
      "end": 67,
      "name": Object {
        "end": 61,
        "start": 49,
        "type": "OptionName",
        "value": "java_package",
      },
      "start": 42,
      "type": "Option",
      "value": Object {
        "end": 65,
        "start": 64,
        "type": "Literal",
        "value": -1,
      },
    },
    Object {
      "end": 108,
      "name": Object {
        "end": 87,
        "start": 75,
        "type": "OptionName",
        "value": "java_package",
      },
      "start": 68,
      "type": "Option",
      "value": Object {
        "end": 107,
        "start": 90,
        "type": "Literal",
        "value": "com.example.foo",
      },
    },
    Object {
      "end": 152,
      "name": Object {
        "end": 131,
        "start": 116,
        "type": "OptionName",
        "value": "(java._package)",
      },
      "start": 109,
      "type": "Option",
      "value": Object {
        "end": 151,
        "start": 134,
        "type": "Literal",
        "value": "com.example.foo",
      },
    },
    Object {
      "end": 191,
      "name": Object {
        "end": 170,
        "start": 160,
        "type": "OptionName",
        "value": "java.pp.cc",
      },
      "start": 153,
      "type": "Option",
      "value": Object {
        "end": 190,
        "start": 173,
        "type": "Literal",
        "value": "com.example.foo",
      },
    },
  ],
  "end": 192,
  "start": 1,
  "syntax": undefined,
  "type": "ProtoFile",
}
`;

exports[`Parser parse option field 1`] = `
Object {
  "body": Array [
    Object {
      "body": Array [
        Object {
          "end": 43,
          "name": Object {
            "end": 35,
            "start": 22,
            "type": "OptionName",
            "value": "(my_option).a",
          },
          "start": 15,
          "type": "Option",
          "value": Object {
            "end": 42,
            "start": 38,
            "type": "FullIdentifier",
            "value": "true",
          },
        },
      ],
      "end": 45,
      "name": "M",
      "start": 1,
      "type": "Message",
    },
  ],
  "end": 65,
  "start": 1,
  "syntax": undefined,
  "type": "ProtoFile",
}
`;

exports[`Parser parse package 1`] = `
Object {
  "body": Array [
    Object {
      "end": 11,
      "name": Object {
        "end": 10,
        "start": 9,
        "type": "FullIdentifier",
        "value": "a",
      },
      "start": 1,
      "type": "Package",
    },
    Object {
      "end": 25,
      "name": Object {
        "end": 24,
        "start": 20,
        "type": "FullIdentifier",
        "value": "a.bc",
      },
      "start": 12,
      "type": "Package",
    },
  ],
  "end": 30,
  "start": 1,
  "syntax": undefined,
  "type": "ProtoFile",
}
`;

exports[`Parser parse reserved 1`] = `
Object {
  "body": Array [
    Object {
      "body": Array [
        Object {
          "end": 26,
          "fieldName": undefined,
          "ranges": Array [
            Array [
              1,
            ],
          ],
          "start": 15,
          "type": "Reserved",
        },
        Object {
          "end": 58,
          "fieldName": undefined,
          "ranges": Array [
            Array [
              1,
              2,
            ],
            Array [
              5,
              "max",
            ],
            Array [
              6,
            ],
          ],
          "start": 29,
          "type": "Reserved",
        },
        Object {
          "end": 76,
          "fieldName": Array [
            "foo",
          ],
          "ranges": undefined,
          "start": 61,
          "type": "Reserved",
        },
        Object {
          "end": 101,
          "fieldName": Array [
            "foo",
            "bar",
          ],
          "ranges": undefined,
          "start": 79,
          "type": "Reserved",
        },
      ],
      "end": 103,
      "name": "M",
      "start": 1,
      "type": "Message",
    },
  ],
  "end": 117,
  "start": 1,
  "syntax": undefined,
  "type": "ProtoFile",
}
`;

exports[`Parser parse syntax 1`] = `
Object {
  "body": Array [],
  "end": 18,
  "start": 0,
  "syntax": Object {
    "end": 18,
    "start": 0,
    "type": "SyntaxStatement",
    "value": "proto2",
  },
  "type": "ProtoFile",
}
`;
